STAKE_FIRST_HEAD    = 7ad780d32726
STAKE_FIRST_INDEX   = 153974
STAKE_FIRST_APPJS   = 1724747
PHASE_0_INVENTORY   = running
PHASE_0_SECTIONS    = 12
ROUND_A_m390      = running
  ITEM_87_m390      = done
  SEC_m390_asmaa      = done in 168s
  SEC_m390_articles   = done in 192s
  SEC_m390_memorize   = done in 200s
  SEC_m390_adhkar     = done in 50s
  SEC_m390_sunan-day  = done in 200s
  SEC_m390_arbaeen    = done in 193s
  SEC_m390_mushaf     = done in 140s
  SEC_m390_treasure   = done in 400s
  SEC_m390_fatwa      = done in 191s
  SEC_m390_lessons    = done in 197s
  SEC_m390_prayer     = done in 200s
  SEC_m390_women      = done in 193s
  I27_m390         = done
  I89_m390         = done
  I91_m390         = done
  I17_m390         = done
  I94_m390         = done
ROUND_A_t820      = running
  ITEM_87_t820      = done
  SEC_t820_asmaa      = done in 193s
  SEC_t820_articles   = done in 193s
  SEC_t820_memorize   = done in 203s
  SEC_t820_adhkar     = done in 53s
  SEC_t820_sunan-day  = done in 200s
  SEC_t820_arbaeen    = done in 193s
  SEC_t820_mushaf     = done in 140s
  SEC_t820_treasure   = done in 397s
  SEC_t820_fatwa      = done in 190s
  SEC_t820_lessons    = done in 196s
  SEC_t820_prayer     = done in 200s
  SEC_t820_women      = done in 192s
  I27_t820         = done
  I89_t820         = done
  I91_t820         = done
  I17_t820         = done
  I94_t820         = done
ROUND_OFFLINE_m390 = running
ROUND_OFFLINE_t820 = running
OFFLINE_FALSE_LINES = 0

SECTIONS_VISITED     = 12 of 12
DEFECTS              = 3
SUSPICIONS           = 7
NOT_CHECKED          = 10
OFFLINE_FALSE_LINES  = 0
FREE_BRAIN_LOOP      = NOT MEASURED (round B not run)
STAKE_FIRST          = 7ad780d3 index=153974 app.js=1724747
STAKE_LAST           = 7ad780d3 index=153974 app.js=1724747
GROUND_MOVED         = no
REPORT_FILE          = C:\Users\passe\projects\ustaz-check88\check88\EZIK-CHECK-REPORT.md
ANSWERS_FILE         = C:\Users\passe\projects\ustaz-check88\check88\EZIK-CHECK-ANSWERS.md
CHECK_EXIT=0
